15:24:53 **** Build of configuration Debug for project Timebase ****
make -j14 all 
arm-none-eabi-gcc -mcpu=cortex-m4 -g3 -DDEBUG -c -x assembler-with-cpp -MMD -MP -MF"Startup/startup_stm32f429zitx.d" -MT"Startup/startup_stm32f429zitx.o" --specs=nano.specs -mfloat-abi=soft -mthumb -o "Startup/startup_stm32f429zitx.o" "../Startup/startup_stm32f429zitx.s"
arm-none-eabi-gcc "../Src/led.c" -mcpu=cortex-m4 -std=gnu11 -g3 -DSTM32F429xx -c -I../Inc -I"C:/Users/marin/Documents/GitHub/rust_rtos/src/STM32CubeIDE/Timebase/chip_drivers/Device/ST/STM32F4xx/Include" -I"C:/Users/marin/Documents/GitHub/rust_rtos/src/STM32CubeIDE/Timebase/chip_drivers/Include" -O0 -ffunction-sections -fdata-sections -Wall -fstack-usage -fcyclomatic-complexity -MMD -MP -MF"Src/led.d" -MT"Src/led.o" --specs=nano.specs -mfloat-abi=soft -mthumb -o "Src/led.o"
arm-none-eabi-gcc "../Src/main.c" -mcpu=cortex-m4 -std=gnu11 -g3 -DSTM32F429xx -c -I../Inc -I"C:/Users/marin/Documents/GitHub/rust_rtos/src/STM32CubeIDE/Timebase/chip_drivers/Device/ST/STM32F4xx/Include" -I"C:/Users/marin/Documents/GitHub/rust_rtos/src/STM32CubeIDE/Timebase/chip_drivers/Include" -O0 -ffunction-sections -fdata-sections -Wall -fstack-usage -fcyclomatic-complexity -MMD -MP -MF"Src/main.d" -MT"Src/main.o" --specs=nano.specs -mfloat-abi=soft -mthumb -o "Src/main.o"
arm-none-eabi-gcc "../Src/syscalls.c" -mcpu=cortex-m4 -std=gnu11 -g3 -DSTM32F429xx -c -I../Inc -I"C:/Users/marin/Documents/GitHub/rust_rtos/src/STM32CubeIDE/Timebase/chip_drivers/Device/ST/STM32F4xx/Include" -I"C:/Users/marin/Documents/GitHub/rust_rtos/src/STM32CubeIDE/Timebase/chip_drivers/Include" -O0 -ffunction-sections -fdata-sections -Wall -fstack-usage -fcyclomatic-complexity -MMD -MP -MF"Src/syscalls.d" -MT"Src/syscalls.o" --specs=nano.specs -mfloat-abi=soft -mthumb -o "Src/syscalls.o"
arm-none-eabi-gcc "../Src/sysmem.c" -mcpu=cortex-m4 -std=gnu11 -g3 -DSTM32F429xx -c -I../Inc -I"C:/Users/marin/Documents/GitHub/rust_rtos/src/STM32CubeIDE/Timebase/chip_drivers/Device/ST/STM32F4xx/Include" -I"C:/Users/marin/Documents/GitHub/rust_rtos/src/STM32CubeIDE/Timebase/chip_drivers/Include" -O0 -ffunction-sections -fdata-sections -Wall -fstack-usage -fcyclomatic-complexity -MMD -MP -MF"Src/sysmem.d" -MT"Src/sysmem.o" --specs=nano.specs -mfloat-abi=soft -mthumb -o "Src/sysmem.o"
arm-none-eabi-gcc "../Src/timebase.c" -mcpu=cortex-m4 -std=gnu11 -g3 -DSTM32F429xx -c -I../Inc -I"C:/Users/marin/Documents/GitHub/rust_rtos/src/STM32CubeIDE/Timebase/chip_drivers/Device/ST/STM32F4xx/Include" -I"C:/Users/marin/Documents/GitHub/rust_rtos/src/STM32CubeIDE/Timebase/chip_drivers/Include" -O0 -ffunction-sections -fdata-sections -Wall -fstack-usage -fcyclomatic-complexity -MMD -MP -MF"Src/timebase.d" -MT"Src/timebase.o" --specs=nano.specs -mfloat-abi=soft -mthumb -o "Src/timebase.o"
arm-none-eabi-gcc "../Src/uart.c" -mcpu=cortex-m4 -std=gnu11 -g3 -DSTM32F429xx -c -I../Inc -I"C:/Users/marin/Documents/GitHub/rust_rtos/src/STM32CubeIDE/Timebase/chip_drivers/Device/ST/STM32F4xx/Include" -I"C:/Users/marin/Documents/GitHub/rust_rtos/src/STM32CubeIDE/Timebase/chip_drivers/Include" -O0 -ffunction-sections -fdata-sections -Wall -fstack-usage -fcyclomatic-complexity -MMD -MP -MF"Src/uart.d" -MT"Src/uart.o" --specs=nano.specs -mfloat-abi=soft -mthumb -o "Src/uart.o"
arm-none-eabi-gcc -o "Timebase.elf" @"objects.list"   -mcpu=cortex-m4 -T"C:\Users\marin\Documents\GitHub\rust_rtos\src\STM32CubeIDE\Timebase\STM32F429ZITX_FLASH.ld" --specs=nosys.specs -Wl,-Map="Timebase.map" -Wl,--gc-sections -static --specs=nano.specs -mfloat-abi=soft -mthumb -Wl,--start-group -lc -lm -Wl,--end-group
C:/ST/STM32CubeIDE_1.19.0/STM32CubeIDE/plugins/com.st.stm32cube.ide.mcu.externaltools.gnu-tools-for-stm32.13.3.rel1.win32_1.0.0.202411081344/tools/bin/../lib/gcc/arm-none-eabi/13.3.1/../../../../arm-none-eabi/bin/ld.exe: warning: Timebase.elf has a LOAD segment with RWX permissions
Finished building target: Timebase.elf
 
arm-none-eabi-size  Timebase.elf 
arm-none-eabi-objdump -h -S Timebase.elf  > "Timebase.list"
   text	   data	    bss	    dec	    hex	filename
   5376	    104	   1912	   7392	   1ce0	Timebase.elf
Finished building: default.size.stdout
 
Finished building: Timebase.list
 

15:24:54 Build Finished. 0 errors, 1 warnings. (took 1s.94ms)

